Asus@Knowhere MINGW64 ~ (master)
$ cd '/c/Users/Asus/OneDrive/Desktop/VS Code Folder/2048'

Asus@Knowhere MINGW64 ~/OneDrive/Desktop/VS Code Folder/2048 (master)
$ git init
Reinitialized existing Git repository in C:/Users/Asus/OneDrive/Desktop/VS Code Folder/2048/.git/

Asus@Knowhere MINGW64 ~/OneDrive/Desktop/VS Code Folder/2048 (master)
$ git add .

Asus@Knowhere MINGW64 ~/OneDrive/Desktop/VS Code Folder/2048 (master)
$ git commit -m "Initial Commit"
[master 503a81d] Initial Commit
 1 file changed, 15 insertions(+), 2 deletions(-)

Asus@Knowhere MINGW64 ~/OneDrive/Desktop/VS Code Folder/2048 (master)
$ git status
On branch master
nothing to commit, working tree clean

Asus@Knowhere MINGW64 ~/OneDrive/Desktop/VS Code Folder/2048 (master)
$ git remote add origin git@github.com:Abhishek-Pratap/2048--Game.git
error: remote origin already exists.

Asus@Knowhere MINGW64 ~/OneDrive/Desktop/VS Code Folder/2048 (master)
$ git push origin master
Enumerating objects: 5, done.
Counting objects: 100% (5/5), done.
Delta compression using up to 8 threads
Compressing objects: 100% (3/3), done.
Writing objects: 100% (3/3), 571 bytes | 571.00 KiB/s, done.
Total 3 (delta 2), reused 0 (delta 0), pack-reused 0
remote: Resolving deltas: 100% (2/2), completed with 2 local objects.
To https://github.com/Abhishek-Pratap/2048--Game
   d86a23e..503a81d  master -> master

Asus@Knowhere MINGW64 ~/OneDrive/Desktop/VS Code Folder/2048 (master)
$
